<html>
<body>
<pre>
<h1>µVision Build Log</h1>
<h2>Tool Versions:</h2>
IDE-Version: ¦ÌVision V5.43.1.0
Copyright (C) 2025 ARM Ltd and ARM Germany GmbH. All rights reserved.
License Information: yuan ad
sustech
User-based license: Keil MDK Community (non-commercial free of charge)
Valid until: Jun 1 2033. Cached until: May 27 2026
 
Tool Versions:
Toolchain:       Keil MDK Community (non-commercial free of charge  Version: 5.43.0.0
Toolchain Path:  E:\Program\MDK5.43\ARM\ARMCLANG\Bin
C Compiler:      ArmClang.exe V6.24
Assembler:       Armasm.exe V6.24
Linker/Locator:  ArmLink.exe V6.24
Library Manager: ArmAr.exe V6.24
Hex Converter:   FromElf.exe V6.24
CPU DLL:         SARMCM3.DLL V5.43.0.0
Dialog DLL:      DCM.DLL V1.17.5.0
Target DLL:      STLink\ST-LINKIII-KEIL_SWO.dll V3.3.1.0
Dialog DLL:      TCM.DLL V1.56.6.0
 
<h2>Project:</h2>
D:\STDemoProject\Cooling_V2\MDK-ARM\Demo_F429_DDS.uvprojx
Project File Date:  05/20/2026

<h2>Output:</h2>
*** Using Compiler 'V6.24', folder: 'E:\Program\MDK5.43\ARM\ARMCLANG\Bin'
Build target 'Demo_F429_DDS'
compiling dma2d.c...
compiling sdio.c...
compiling stm32f4xx_ll_adc.c...
compiling adc.c...
compiling tim.c...
compiling dma.c...
compiling i2c.c...
compiling stm32f4xx_hal_msp.c...
compiling stm32f4xx_hal_adc.c...
compiling ltdc.c...
compiling fmc.c...
compiling gpio.c...
compiling stm32f4xx_hal_rcc.c...
compiling stm32f4xx_hal_adc_ex.c...
compiling stm32f4xx_hal_rcc_ex.c...
compiling stm32f4xx_hal_flash.c...
compiling stm32f4xx_hal_flash_ex.c...
compiling stm32f4xx_hal_flash_ramfunc.c...
compiling stm32f4xx_it.c...
compiling stm32f4xx_hal_gpio.c...
compiling stm32f4xx_hal_dma_ex.c...
compiling stm32f4xx_hal_pwr.c...
compiling stm32f4xx_hal_dma.c...
compiling main.c...
compiling stm32f4xx_hal_pwr_ex.c...
compiling stm32f4xx_hal.c...
compiling stm32f4xx_hal_cortex.c...
compiling stm32f4xx_hal_exti.c...
compiling stm32f4xx_hal_tim_ex.c...
compiling stm32f4xx_hal_tim.c...
compiling stm32f4xx_ll_fmc.c...
compiling stm32f4xx_hal_nor.c...
compiling stm32f4xx_hal_nand.c...
compiling stm32f4xx_hal_sram.c...
compiling stm32f4xx_hal_pccard.c...
compiling stm32f4xx_hal_i2c_ex.c...
compiling stm32f4xx_hal_sdram.c...
compiling stm32f4xx_hal_ltdc.c...
compiling stm32f4xx_hal_dsi.c...
compiling stm32f4xx_hal_ltdc_ex.c...
compiling stm32f4xx_hal_dma2d.c...
compiling stm32f4xx_hal_spi.c...
compiling stm32f4xx_hal_i2c.c...
compiling stm32f4xx_hal_sd.c...
compiling stm32f4xx_ll_sdmmc.c...
compiling multi_button.c...
compiling system_stm32f4xx.c...
compiling delay_us.c...
compiling bsp_sdram.c...
compiling bsp_multibutton.c...
compiling stm32f4xx_hal_uart.c...
compiling stm32f4xx_hal_usart.c...
compiling bsp_touch.c...
compiling cooling_ui.c...
compiling event_framework.c...
compiling lwrb.c...
compiling lwrb_ex.c...
compiling my_font_chinese_16.c...
compiling PID.c...
compiling my_font_chinese_18.c...
compiling my_font_chinese_20.c...
compiling sd_test.c...
compiling my_font_chinese_22.c...
compiling bsp_debug_usart.c...
compiling my_font_chinese_32.c...
compiling my_font_chinese_24.c...
compiling diskio.c...
compiling ffunicode.c...
compiling app_control.c...
compiling ff.c...
../FatFs/src/fatfs_test.c(87): warning: format specifies type 'unsigned long' but the argument has type 'unsigned int' [-Wformat]
   86 |     printf("[FatFs][INFO] Total: %lu KB (%lu MB)\r\n",
      |                                  ~~~
      |                                  %u
   87 |            tot_sect / 2U, tot_sect / 2048U);
      |            ^~~~~~~~~~~~~
../FatFs/src/fatfs_test.c(87): warning: format specifies type 'unsigned long' but the argument has type 'unsigned int' [-Wformat]
   86 |     printf("[FatFs][INFO] Total: %lu KB (%lu MB)\r\n",
      |                                          ~~~
      |                                          %u
   87 |            tot_sect / 2U, tot_sect / 2048U);
      |                           ^~~~~~~~~~~~~~~~
../FatFs/src/fatfs_test.c(89): warning: format specifies type 'unsigned long' but the argument has type 'unsigned int' [-Wformat]
   88 |     printf("[FatFs][INFO] Free : %lu KB (%lu MB)\r\n",
      |                                  ~~~
      |                                  %u
   89 |            fre_sect / 2U, fre_sect / 2048U);
      |            ^~~~~~~~~~~~~
../FatFs/src/fatfs_test.c(89): warning: format specifies type 'unsigned long' but the argument has type 'unsigned int' [-Wformat]
   88 |     printf("[FatFs][INFO] Free : %lu KB (%lu MB)\r\n",
      |                                          ~~~
      |                                          %u
   89 |            fre_sect / 2U, fre_sect / 2048U);
      |                           ^~~~~~~~~~~~~~~~
../FatFs/src/fatfs_test.c(246): warning: format specifies type 'unsigned long' but the argument has type 'DWORD' (aka 'unsigned int') [-Wformat]
  245 |             printf("[FatFs][ERROR] Pattern write failed at offset %lu. FRESULT=%d, bytes=%u/%u\r\n",
      |                                                                   ~~~
      |                                                                   %u
  246 |                    offset, fres, bytes_written, chunk);
      |                    ^~~~~~
../FatFs/src/fatfs_test.c(255): warning: format specifies type 'unsigned long' but the argument has type 'DWORD' (aka 'unsigned int') [-Wformat]
  254 |             printf("[FatFs][INFO] Written %lu / %lu bytes\r\n",
      |                                           ~~~
      |                                           %u
  255 |                    offset, FATFS_TEST_PATTERN_BYTES);
      |                    ^~~~~~
../FatFs/src/fatfs_test.c(300): warning: format specifies type 'unsigned long' but the argument has type 'DWORD' (aka 'unsigned int') [-Wformat]
  299 |         printf("[FatFs][ERROR] Pattern file size mismatch. actual=%lu expected=%lu\r\n",
      |                                                                   ~~~
      |                                                                   %u
  300 |                (DWORD)info.fsize, FATFS_TEST_PATTERN_BYTES);
      |                ^~~~~~~~~~~~~~~~~
../FatFs/src/fatfs_test.c(373): warning: format specifies type 'unsigned long' but the argument has type 'DWORD' (aka 'unsigned int') [-Wformat]
  372 |             printf("[FatFs][ERROR] Pattern read failed at offset %lu. FRESULT=%d, bytes=%u/%u\r\n",
      |                                                                  ~~~
      |                                                                  %u
  373 |                    offset, fres, bytes_read, chunk);
      |                    ^~~~~~
../FatFs/src/fatfs_test.c(381): warning: format specifies type 'unsigned long' but the argument has type 'DWORD' (aka 'unsigned int') [-Wformat]
  381 |             printf("[FatFs][ERROR] Pattern mismatch near offset %lu\r\n", offset);
      |                                                                 ~~~       ^~~~~~
      |                                                                 %u
../FatFs/src/fatfs_test.c(387): warning: format specifies type 'unsigned long' but the argument has type 'DWORD' (aka 'unsigned int') [-Wformat]
  386 |                     printf("[FatFs][ERROR] First mismatch at absolute offset %lu: expected=0x%02X actual=0x%02X\r\n",
      |                                                                              ~~~
      |                                                                              %u
  387 |                            offset + (DWORD)i, unaligned_write[i], unaligned_read[i]);
      |                            ^~~~~~~~~~~~~~~~~
../FatFs/src/fatfs_test.c(399): warning: format specifies type 'unsigned long' but the argument has type 'DWORD' (aka 'unsigned int') [-Wformat]
  398 |             printf("[FatFs][INFO] Verified %lu / %lu bytes\r\n",
      |                                            ~~~
      |                                            %u
  399 |                    offset, FATFS_TEST_PATTERN_BYTES);
      |                    ^~~~~~
../FatFs/src/fatfs_test.c(457): warning: format specifies type 'unsigned long' but the argument has type 'DWORD' (aka 'unsigned int') [-Wformat]
  456 |         printf("[FatFs][INFO] Dir entry: %s, size=%lu\r\n",
      |                                                   ~~~
      |                                                   %u
  457 |                info.fname, (DWORD)info.fsize);
      |                            ^~~~~~~~~~~~~~~~~
12 warnings generated.
compiling fatfs_test.c...
compiling lv_disp.c...
compiling lv_event.c...
compiling img_clothes.c...
compiling lv_group.c...
compiling lv_indev.c...
compiling lv_indev_scroll.c...
compiling img_lvgl_logo.c...
compiling lv_obj_class.c...
compiling img_demo_widgets_avatar.c...
compiling lv_obj_draw.c...
compiling lv_demo_widgets.c...
compiling lv_obj.c...
compiling lv_obj_pos.c...
compiling lv_obj_scroll.c...
compiling lv_obj_style.c...
compiling lv_obj_style_gen.c...
compiling lv_draw_rect.c...
compiling lv_draw_arc.c...
compiling lv_obj_tree.c...
compiling lv_draw.c...
compiling lv_draw_line.c...
compiling lv_draw_img.c...
compiling lv_draw_transform.c...
compiling lv_draw_layer.c...
compiling lv_draw_triangle.c...
compiling lv_draw_label.c...
compiling lv_draw_mask.c...
compiling lv_refr.c...
compiling lv_theme.c...
compiling lv_img_buf.c...
compiling lv_img_cache.c...
compiling lv_img_decoder.c...
compiling lv_draw_sw_dither.c...
compiling lv_draw_sw.c...
compiling lv_draw_sw_gradient.c...
compiling lv_draw_sw_arc.c...
compiling lv_draw_sw_layer.c...
C:/Users/jiawe/AppData/Local/Arm/Packs/LVGL/lvgl/8.3.10/src/draw/stm32_dma2d/lv_gpu_stm32_dma2d.c(282): warning: use of GNU old-style field designator extension [-Wgnu-designator]
  282 |     lv_point_t offset = {x: area2->x1 - area1->x1, y: area2->y1 - area1->y1};
      |                          ^~
      |                          .x = 
C:/Users/jiawe/AppData/Local/Arm/Packs/LVGL/lvgl/8.3.10/src/draw/stm32_dma2d/lv_gpu_stm32_dma2d.c(282): warning: use of GNU old-style field designator extension [-Wgnu-designator]
  282 |     lv_point_t offset = {x: area2->x1 - area1->x1, y: area2->y1 - area1->y1};
      |                                                    ^~
      |                                                    .y = 
2 warnings generated.
compiling lv_gpu_stm32_dma2d.c...
compiling lv_draw_sw_letter.c...
compiling lv_draw_sw_line.c...
compiling lv_draw_sw_polygon.c...
compiling lv_draw_sw_img.c...
compiling lv_draw_sw_blend.c...
compiling lv_draw_sw_rect.c...
compiling lv_flex.c...
compiling lv_draw_sw_transform.c...
compiling lv_grid.c...
compiling tjpgd.c...
compiling lv_fs_fatfs.c...
compiling lv_fs_posix.c...
compiling lv_fs_stdio.c...
compiling lv_png.c...
compiling lv_sjpg.c...
compiling lv_extra.c...
compiling lv_theme_basic.c...
compiling lv_calendar_header_arrow.c...
compiling lv_animimg.c...
compiling lv_theme_mono.c...
compiling lv_theme_default.c...
compiling lv_calendar_header_dropdown.c...
compiling lv_calendar.c...
compiling lv_keyboard.c...
compiling lv_list.c...
compiling lv_menu.c...
compiling lv_chart.c...
compiling lv_imgbtn.c...
compiling lv_colorwheel.c...
compiling lv_led.c...
compiling lv_meter.c...
compiling lv_msgbox.c...
compiling lv_font.c...
compiling lv_tileview.c...
compiling lv_spinbox.c...
compiling lv_span.c...
compiling lv_spinner.c...
compiling lodepng.c...
compiling lv_tabview.c...
compiling lv_font_fmt_txt.c...
compiling lv_win.c...
compiling lv_font_dejavu_16_persian_hebrew.c...
compiling lv_font_loader.c...
compiling lv_font_montserrat_10.c...
compiling lv_font_montserrat_12.c...
compiling lv_font_montserrat_12_subpx.c...
compiling lv_font_montserrat_14.c...
compiling lv_font_montserrat_16.c...
compiling lv_font_montserrat_18.c...
compiling lv_font_montserrat_20.c...
compiling lv_font_montserrat_22.c...
compiling lv_font_montserrat_24.c...
compiling lv_font_montserrat_26.c...
compiling lv_font_montserrat_28.c...
compiling lv_font_montserrat_28_compressed.c...
compiling lv_font_montserrat_30.c...
compiling lv_font_montserrat_32.c...
compiling lv_font_montserrat_34.c...
compiling lv_font_montserrat_36.c...
compiling lv_font_montserrat_38.c...
compiling lv_font_montserrat_40.c...
compiling lv_font_montserrat_42.c...
compiling lv_font_montserrat_46.c...
compiling lv_font_montserrat_44.c...
compiling lv_font_montserrat_48.c...
compiling lv_hal_tick.c...
compiling lv_font_montserrat_8.c...
compiling lv_font_simsun_16_cjk.c...
compiling lv_hal_indev.c...
compiling lv_font_unscii_16.c...
compiling lv_anim.c...
compiling lv_font_unscii_8.c...
compiling lv_anim_timeline.c...
compiling lv_hal_disp.c...
compiling lv_area.c...
compiling lv_async.c...
compiling lv_bidi.c...
compiling lv_color.c...
compiling lv_fs.c...
compiling lv_gc.c...
compiling lv_log.c...
compiling lv_ll.c...
compiling lv_math.c...
compiling lv_lru.c...
compiling lv_printf.c...
compiling lv_mem.c...
compiling lv_templ.c...
compiling lv_style_gen.c...
compiling lv_style.c...
compiling lv_timer.c...
compiling lv_tlsf.c...
compiling lv_utils.c...
compiling lv_txt.c...
compiling lv_txt_ap.c...
compiling lv_btn.c...
compiling lv_arc.c...
compiling lv_bar.c...
compiling lv_checkbox.c...
compiling lv_btnmatrix.c...
compiling lv_canvas.c...
compiling lv_objx_templ.c...
compiling lv_img.c...
compiling lv_dropdown.c...
compiling lv_label.c...
compiling lv_line.c...
compiling lv_cmsis_pack.c...
compiling lv_roller.c...
compiling lv_switch.c...
compiling lv_slider.c...
compiling lv_table.c...
compiling lv_textarea.c...
compiling lv_port_fs_template.c...
compiling lv_port_disp_template.c...
compiling lv_port_indev_template.c...
linking...
Program Size: Code=320792 RO-data=212200 RW-data=172 ZI-data=90564  
"Demo_F429_DDS\Demo_F429_DDS.axf" - 0 Error(s), 14 Warning(s).

<h2>Software Packages used:</h2>

Package Vendor: ARM
                https://www.keil.com/pack/ARM.CMSIS.6.2.0.pack
                ARM::CMSIS@6.2.0
                CMSIS (Common Microcontroller Software Interface Standard)
   * Component: CORE Version: 6.1.1

Package Vendor: LVGL
                https://raw.githubusercontent.com/lvgl/lvgl/master/env_support/cmsis-pack/LVGL.lvgl.8.3.10.pack
                LVGL::lvgl@8.3.10
                LVGL (Light and Versatile Graphics Library) is a free and open-source graphics library providing everything you need to create an embedded GUI with easy-to-use graphical elements, beautiful visual effects and a low memory footprint.
   * Component: Demo:Widgets Version: 8.3.10
   * Component: Essential Version: 8.3.10
   * Component: Extra Themes Version: 8.3.10
   * Component: GPU STM32-DMA2D Version: 8.3.10
   * Component: Libs FileSystem Version: 8.3.10
   * Component: Libs PNG Version: 8.3.10
   * Component: Libs sJPG Version: 8.3.10
   * Component: Porting Version: 8.3.10

Package Vendor: Keil
                https://www.keil.com/pack/Keil.STM32F4xx_DFP.3.1.1.pack
                Keil::STM32F4xx_DFP@3.1.1
                STMicroelectronics STM32F4 Series Device Support

<h2>Collection of Component include folders:</h2>
  ./RTE/LVGL
  ./RTE/_Demo_F429_DDS
  C:/Users/jiawe/AppData/Local/Arm/Packs/ARM/CMSIS/6.2.0/CMSIS/Core/Include
  C:/Users/jiawe/AppData/Local/Arm/Packs/LVGL/lvgl/8.3.10
  C:/Users/jiawe/AppData/Local/Arm/Packs/LVGL/lvgl/8.3.10/demos/widgets

<h2>Collection of Component Files used:</h2>

   * Component: ARM::CMSIS:CORE@6.1.1
      Include file:  CMSIS/Core/Include/tz_context.h

   * Component: LVGL::LVGL&LVGL:lvgl:Demo:Widgets@8.3.10
      Source file:   demos/widgets/lv_demo_widgets.c
      Source file:   demos/widgets/assets/img_demo_widgets_avatar.c
      Source file:   demos/widgets/assets/img_clothes.c
      Include file:  demos/widgets/lv_demo_widgets.h
      Source file:   demos/widgets/assets/img_lvgl_logo.c

   * Component: LVGL::LVGL&LVGL:lvgl:Essential@8.3.10
      Source file:   src/core/lv_event.c
      Source file:   src/core/lv_indev.c
      Source file:   src/core/lv_obj.c
      Source file:   src/core/lv_obj_style_gen.c
      Source file:   src/core/lv_obj_scroll.c
      Source file:   src/core/lv_obj_class.c
      Source file:   src/core/lv_obj_pos.c
      Source file:   src/core/lv_obj_style.c
      Source file:   src/core/lv_obj_tree.c
      Source file:   src/core/lv_disp.c
      Source file:   src/core/lv_group.c
      Source file:   src/core/lv_indev_scroll.c
      Source file:   src/core/lv_refr.c
      Source file:   src/core/lv_theme.c
      Source file:   src/core/lv_obj_draw.c
      Source file:   src/draw/lv_draw_transform.c
      Source file:   src/draw/lv_draw_triangle.c
      Source file:   src/draw/sw/lv_draw_sw_img.c
      Source file:   src/draw/sw/lv_draw_sw_letter.c
      Source file:   src/draw/sw/lv_draw_sw_line.c
      Source file:   src/draw/lv_draw_layer.c
      Source file:   src/draw/lv_img_decoder.c
      Source file:   src/draw/sw/lv_draw_sw_polygon.c
      Source file:   src/draw/lv_draw_arc.c
      Source file:   src/draw/lv_draw_img.c
      Source file:   src/draw/lv_draw.c
      Source file:   src/draw/lv_draw_line.c
      Source file:   src/draw/lv_draw_label.c
      Source file:   src/draw/sw/lv_draw_sw_blend.c
      Source file:   src/draw/sw/lv_draw_sw_rect.c
      Source file:   src/draw/sw/lv_draw_sw_transform.c
      Source file:   src/draw/sw/lv_draw_sw_arc.c
      Source file:   src/draw/sw/lv_draw_sw_dither.c
      Source file:   src/draw/sw/lv_draw_sw_gradient.c
      Source file:   src/draw/sw/lv_draw_sw_layer.c
      Source file:   src/draw/lv_draw_mask.c
      Source file:   src/draw/lv_draw_rect.c
      Source file:   src/draw/sw/lv_draw_sw.c
      Source file:   src/font/lv_font.c
      Source file:   src/font/lv_font_dejavu_16_persian_hebrew.c
      Source file:   src/font/lv_font_loader.c
      Source file:   src/font/lv_font_montserrat_8.c
      Source file:   src/draw/lv_img_cache.c
      Source file:   src/draw/lv_img_buf.c
      Source file:   src/font/lv_font_montserrat_10.c
      Source file:   src/font/lv_font_fmt_txt.c
      Source file:   src/font/lv_font_montserrat_12.c
      Source file:   src/font/lv_font_montserrat_44.c
      Source file:   src/font/lv_font_montserrat_20.c
      Source file:   src/font/lv_font_montserrat_24.c
      Source file:   src/font/lv_font_montserrat_34.c
      Source file:   src/font/lv_font_montserrat_38.c
      Source file:   src/hal/lv_hal_disp.c
      Source file:   src/misc/lv_bidi.c
      Source file:   src/misc/lv_color.c
      Source file:   src/font/lv_font_montserrat_28_compressed.c
      Source file:   src/font/lv_font_montserrat_26.c
      Source file:   src/font/lv_font_montserrat_28.c
      Source file:   src/font/lv_font_montserrat_16.c
      Source file:   src/font/lv_font_montserrat_30.c
      Source file:   src/font/lv_font_montserrat_18.c
      Source file:   src/font/lv_font_montserrat_14.c
      Source file:   src/font/lv_font_montserrat_32.c
      Source file:   src/font/lv_font_montserrat_40.c
      Source file:   src/font/lv_font_montserrat_48.c
      Source file:   src/font/lv_font_unscii_16.c
      Source file:   src/hal/lv_hal_indev.c
      Source file:   src/hal/lv_hal_tick.c
      Source file:   src/font/lv_font_montserrat_22.c
      Source file:   src/font/lv_font_montserrat_36.c
      Source file:   src/font/lv_font_montserrat_46.c
      Source file:   src/font/lv_font_simsun_16_cjk.c
      Source file:   src/font/lv_font_unscii_8.c
      Source file:   src/misc/lv_anim_timeline.c
      Source file:   src/misc/lv_area.c
      Source file:   src/font/lv_font_montserrat_12_subpx.c
      Source file:   src/misc/lv_anim.c
      Source file:   src/misc/lv_async.c
      Source file:   src/font/lv_font_montserrat_42.c
      Source file:   src/widgets/lv_btnmatrix.c
      Source file:   src/misc/lv_gc.c
      Source file:   src/misc/lv_txt.c
      Source file:   src/widgets/lv_dropdown.c
      Source file:   src/widgets/lv_bar.c
      Source file:   src/widgets/lv_slider.c
      Source file:   src/widgets/lv_img.c
      Source file:   src/widgets/lv_switch.c
      Source file:   src/widgets/lv_table.c
      Source file:   src/widgets/lv_textarea.c
      Source file:   src/widgets/lv_btn.c
      Source file:   src/misc/lv_timer.c
      Source file:   src/widgets/lv_canvas.c
      Source file:   src/misc/lv_math.c
      Source file:   src/widgets/lv_line.c
      Source file:   src/misc/lv_style.c
      Source file:   src/widgets/lv_arc.c
      Source file:   src/widgets/lv_checkbox.c
      Source file:   src/widgets/lv_objx_templ.c
      Source file:   src/widgets/lv_roller.c
      Source file:   src/misc/lv_printf.c
      Source file:   src/misc/lv_fs.c
      Source file:   src/misc/lv_lru.c
      Source file:   src/misc/lv_mem.c
      Source file:   src/misc/lv_log.c
      Source file:   src/misc/lv_tlsf.c
      Source file:   src/misc/lv_ll.c
      Source file:   src/misc/lv_style_gen.c
      Source file:   src/misc/lv_templ.c
      Source file:   src/misc/lv_txt_ap.c
      Source file:   src/misc/lv_utils.c
      Source file:   src/widgets/lv_label.c
      Source file:   examples/porting/lv_port_disp_template.c
      Source file:   examples/porting/lv_port_fs_template.c
      Source file:   lv_cmsis_pack.c
      Include file:  lvgl.h
      Include file:  examples/porting/lv_port_disp_template.h
      Include file:  examples/porting/lv_port_indev_template.h
      Source file:   examples/porting/lv_port_indev_template.c
      Include file:  examples/porting/lv_port_fs_template.h

   * Component: LVGL::LVGL&LVGL:lvgl:Extra Themes@8.3.10
      Source file:   src/extra/themes/basic/lv_theme_basic.c
      Source file:   src/extra/themes/mono/lv_theme_mono.c
      Source file:   src/extra/widgets/animimg/lv_animimg.c
      Source file:   src/extra/widgets/calendar/lv_calendar.c
      Source file:   src/extra/widgets/calendar/lv_calendar_header_arrow.c
      Source file:   src/extra/lv_extra.c
      Source file:   src/extra/themes/default/lv_theme_default.c
      Source file:   src/extra/widgets/colorwheel/lv_colorwheel.c
      Source file:   src/extra/widgets/spinbox/lv_spinbox.c
      Source file:   src/extra/widgets/chart/lv_chart.c
      Source file:   src/extra/widgets/list/lv_list.c
      Source file:   src/extra/widgets/tabview/lv_tabview.c
      Source file:   src/extra/widgets/meter/lv_meter.c
      Source file:   src/extra/widgets/msgbox/lv_msgbox.c
      Source file:   src/extra/widgets/tileview/lv_tileview.c
      Source file:   src/extra/widgets/spinner/lv_spinner.c
      Source file:   src/extra/widgets/imgbtn/lv_imgbtn.c
      Source file:   src/extra/layouts/flex/lv_flex.c
      Source file:   src/extra/widgets/span/lv_span.c
      Source file:   src/extra/layouts/grid/lv_grid.c
      Source file:   src/extra/widgets/led/lv_led.c
      Source file:   src/extra/widgets/keyboard/lv_keyboard.c
      Source file:   src/extra/widgets/calendar/lv_calendar_header_dropdown.c
      Source file:   src/extra/widgets/win/lv_win.c
      Source file:   src/extra/widgets/menu/lv_menu.c

   * Component: LVGL::LVGL&LVGL:lvgl:GPU STM32-DMA2D@8.3.10
      Source file:   src/draw/stm32_dma2d/lv_gpu_stm32_dma2d.c

   * Component: LVGL::LVGL&LVGL:lvgl:Libs FileSystem@8.3.10
      Source file:   src/extra/libs/fsdrv/lv_fs_fatfs.c
      Source file:   src/extra/libs/fsdrv/lv_fs_stdio.c
      Source file:   src/extra/libs/fsdrv/lv_fs_posix.c

   * Component: LVGL::LVGL&LVGL:lvgl:Libs PNG@8.3.10
      Source file:   src/extra/libs/png/lv_png.c
      Source file:   src/extra/libs/png/lodepng.c

   * Component: LVGL::LVGL&LVGL:lvgl:Libs sJPG@8.3.10
      Source file:   src/extra/libs/sjpg/lv_sjpg.c
      Source file:   src/extra/libs/sjpg/tjpgd.c

   * Component: LVGL::LVGL&LVGL:lvgl:Porting@8.3.10
      Include file:  examples/porting/lv_port_indev_template.h
      Source file:   examples/porting/lv_port_disp_template.c
      Source file:   examples/porting/lv_port_indev_template.c
      Include file:  examples/porting/lv_port_disp_template.h
      Include file:  examples/porting/lv_port_fs_template.h
      Source file:   examples/porting/lv_port_fs_template.c
Build Time Elapsed:  00:01:03
</pre>
</body>
</html>
