<html>
<body>
<pre>
<h1>µVision Build Log</h1>
<h2>Tool Versions:</h2>
IDE-Version: ¦ÌVision V5.43.1.0
Copyright (C) 2025 ARM Ltd and ARM Germany GmbH. All rights reserved.
License Information: yuan ad
sustech
User-based license: Keil MDK Community (non-commercial free of charge)
Valid until: Jun 1 2033. Cached until: May 27 2026
 
Tool Versions:
Toolchain:       Keil MDK Community (non-commercial free of charge  Version: 5.43.0.0
Toolchain Path:  E:\Program\MDK5.43\ARM\ARMCLANG\Bin
C Compiler:      ArmClang.exe V6.24
Assembler:       Armasm.exe V6.24
Linker/Locator:  ArmLink.exe V6.24
Library Manager: ArmAr.exe V6.24
Hex Converter:   FromElf.exe V6.24
CPU DLL:         SARMCM3.DLL V5.43.0.0
Dialog DLL:      DCM.DLL V1.17.5.0
Target DLL:      STLink\ST-LINKIII-KEIL_SWO.dll V3.3.1.0
Dialog DLL:      TCM.DLL V1.56.6.0
 
<h2>Project:</h2>
D:\Github\CoolingSystem\CoolingSystem\MDK-ARM\Demo_F429_DDS.uvprojx
Project File Date:  05/21/2026

<h2>Output:</h2>
*** Using Compiler 'V6.24', folder: 'E:\Program\MDK5.43\ARM\ARMCLANG\Bin'
Build target 'Demo_F429_DDS'
compiling bsp_debug_usart.c...
compiling stm32f4xx_it.c...
compiling main.c...
linking...
Program Size: Code=315620 RO-data=210100 RW-data=172 ZI-data=81244  
"Demo_F429_DDS\Demo_F429_DDS.axf" - 0 Error(s), 0 Warning(s).

<h2>Software Packages used:</h2>

Package Vendor: ARM
                https://www.keil.com/pack/ARM.CMSIS.6.2.0.pack
                ARM::CMSIS@6.2.0
                CMSIS (Common Microcontroller Software Interface Standard)
   * Component: CORE Version: 6.1.1

Package Vendor: LVGL
                https://raw.githubusercontent.com/lvgl/lvgl/master/env_support/cmsis-pack/LVGL.lvgl.8.3.10.pack
                LVGL::lvgl@8.3.10
                LVGL (Light and Versatile Graphics Library) is a free and open-source graphics library providing everything you need to create an embedded GUI with easy-to-use graphical elements, beautiful visual effects and a low memory footprint.
   * Component: Demo:Widgets Version: 8.3.10
   * Component: Essential Version: 8.3.10
   * Component: Extra Themes Version: 8.3.10
   * Component: GPU STM32-DMA2D Version: 8.3.10
   * Component: Libs FileSystem Version: 8.3.10
   * Component: Libs PNG Version: 8.3.10
   * Component: Libs sJPG Version: 8.3.10
   * Component: Porting Version: 8.3.10

Package Vendor: Keil
                https://www.keil.com/pack/Keil.STM32F4xx_DFP.3.1.1.pack
                Keil::STM32F4xx_DFP@3.1.1
                STMicroelectronics STM32F4 Series Device Support

<h2>Collection of Component include folders:</h2>
  ./RTE/LVGL
  ./RTE/_Demo_F429_DDS
  C:/Users/jiawe/AppData/Local/Arm/Packs/ARM/CMSIS/6.2.0/CMSIS/Core/Include
  C:/Users/jiawe/AppData/Local/Arm/Packs/LVGL/lvgl/8.3.10
  C:/Users/jiawe/AppData/Local/Arm/Packs/LVGL/lvgl/8.3.10/demos/widgets

<h2>Collection of Component Files used:</h2>

   * Component: ARM::CMSIS:CORE@6.1.1
      Include file:  CMSIS/Core/Include/tz_context.h

   * Component: LVGL::LVGL&LVGL:lvgl:Demo:Widgets@8.3.10
      Source file:   demos/widgets/assets/img_demo_widgets_avatar.c
      Include file:  demos/widgets/lv_demo_widgets.h
      Source file:   demos/widgets/assets/img_lvgl_logo.c
      Source file:   demos/widgets/lv_demo_widgets.c
      Source file:   demos/widgets/assets/img_clothes.c

   * Component: LVGL::LVGL&LVGL:lvgl:Essential@8.3.10
      Source file:   src/draw/lv_draw_layer.c
      Source file:   src/core/lv_refr.c
      Source file:   src/draw/lv_draw.c
      Source file:   src/draw/lv_draw_arc.c
      Source file:   src/core/lv_event.c
      Source file:   src/core/lv_group.c
      Source file:   src/core/lv_obj_style_gen.c
      Source file:   src/draw/lv_draw_line.c
      Source file:   src/core/lv_indev_scroll.c
      Source file:   src/core/lv_obj.c
      Source file:   src/core/lv_indev.c
      Source file:   src/core/lv_obj_style.c
      Source file:   src/core/lv_disp.c
      Source file:   src/core/lv_obj_pos.c
      Source file:   src/core/lv_obj_draw.c
      Source file:   src/core/lv_obj_scroll.c
      Source file:   src/core/lv_obj_tree.c
      Source file:   src/core/lv_theme.c
      Source file:   src/draw/lv_draw_img.c
      Source file:   src/draw/lv_draw_label.c
      Source file:   src/draw/lv_draw_mask.c
      Source file:   src/draw/lv_draw_rect.c
      Source file:   src/draw/lv_draw_transform.c
      Source file:   src/core/lv_obj_class.c
      Source file:   src/draw/lv_draw_triangle.c
      Source file:   src/draw/lv_img_cache.c
      Source file:   src/draw/sw/lv_draw_sw_transform.c
      Source file:   src/font/lv_font_montserrat_12_subpx.c
      Source file:   src/draw/sw/lv_draw_sw_rect.c
      Source file:   src/font/lv_font_montserrat_18.c
      Source file:   src/draw/sw/lv_draw_sw_blend.c
      Source file:   src/draw/sw/lv_draw_sw_dither.c
      Source file:   src/font/lv_font_montserrat_26.c
      Source file:   src/draw/lv_img_buf.c
      Source file:   src/draw/sw/lv_draw_sw_gradient.c
      Source file:   src/font/lv_font_montserrat_8.c
      Source file:   src/font/lv_font_montserrat_20.c
      Source file:   src/draw/sw/lv_draw_sw_polygon.c
      Source file:   src/font/lv_font_montserrat_28.c
      Source file:   src/draw/lv_img_decoder.c
      Source file:   src/draw/sw/lv_draw_sw_img.c
      Source file:   src/font/lv_font_montserrat_16.c
      Source file:   src/font/lv_font.c
      Source file:   src/font/lv_font_montserrat_22.c
      Source file:   src/font/lv_font_montserrat_28_compressed.c
      Source file:   src/font/lv_font_montserrat_12.c
      Source file:   src/draw/sw/lv_draw_sw_letter.c
      Source file:   src/font/lv_font_montserrat_14.c
      Source file:   src/font/lv_font_fmt_txt.c
      Source file:   src/draw/sw/lv_draw_sw_layer.c
      Source file:   src/font/lv_font_loader.c
      Source file:   src/font/lv_font_montserrat_10.c
      Source file:   src/draw/sw/lv_draw_sw_arc.c
      Source file:   src/font/lv_font_montserrat_24.c
      Source file:   src/draw/sw/lv_draw_sw.c
      Source file:   src/draw/sw/lv_draw_sw_line.c
      Source file:   src/font/lv_font_dejavu_16_persian_hebrew.c
      Source file:   src/misc/lv_log.c
      Source file:   src/misc/lv_area.c
      Source file:   src/misc/lv_fs.c
      Source file:   src/hal/lv_hal_indev.c
      Source file:   src/font/lv_font_unscii_16.c
      Source file:   src/font/lv_font_montserrat_32.c
      Source file:   src/misc/lv_bidi.c
      Source file:   src/misc/lv_lru.c
      Source file:   src/font/lv_font_montserrat_38.c
      Source file:   src/misc/lv_math.c
      Source file:   src/misc/lv_printf.c
      Source file:   src/font/lv_font_montserrat_46.c
      Source file:   src/hal/lv_hal_disp.c
      Source file:   src/misc/lv_style.c
      Source file:   src/font/lv_font_montserrat_42.c
      Source file:   src/misc/lv_style_gen.c
      Source file:   src/font/lv_font_montserrat_34.c
      Source file:   src/font/lv_font_montserrat_36.c
      Source file:   src/misc/lv_anim_timeline.c
      Source file:   src/misc/lv_color.c
      Source file:   src/font/lv_font_montserrat_40.c
      Source file:   src/font/lv_font_montserrat_44.c
      Source file:   src/font/lv_font_simsun_16_cjk.c
      Source file:   src/misc/lv_anim.c
      Source file:   src/hal/lv_hal_tick.c
      Source file:   src/misc/lv_gc.c
      Source file:   src/font/lv_font_montserrat_48.c
      Source file:   src/misc/lv_ll.c
      Source file:   src/misc/lv_mem.c
      Source file:   src/font/lv_font_montserrat_30.c
      Source file:   src/misc/lv_async.c
      Source file:   src/font/lv_font_unscii_8.c
      Source file:   src/widgets/lv_btn.c
      Source file:   src/widgets/lv_canvas.c
      Source file:   src/widgets/lv_table.c
      Source file:   src/widgets/lv_dropdown.c
      Source file:   src/widgets/lv_objx_templ.c
      Source file:   src/widgets/lv_arc.c
      Source file:   src/widgets/lv_img.c
      Source file:   src/misc/lv_templ.c
      Source file:   lv_cmsis_pack.c
      Source file:   src/widgets/lv_btnmatrix.c
      Include file:  lvgl.h
      Include file:  examples/porting/lv_port_disp_template.h
      Source file:   src/misc/lv_tlsf.c
      Source file:   src/misc/lv_timer.c
      Source file:   examples/porting/lv_port_disp_template.c
      Source file:   src/widgets/lv_checkbox.c
      Source file:   src/widgets/lv_switch.c
      Source file:   src/widgets/lv_textarea.c
      Include file:  examples/porting/lv_port_indev_template.h
      Source file:   examples/porting/lv_port_indev_template.c
      Include file:  examples/porting/lv_port_fs_template.h
      Source file:   src/misc/lv_utils.c
      Source file:   src/widgets/lv_label.c
      Source file:   src/widgets/lv_line.c
      Source file:   src/widgets/lv_roller.c
      Source file:   src/widgets/lv_slider.c
      Source file:   examples/porting/lv_port_fs_template.c
      Source file:   src/misc/lv_txt_ap.c
      Source file:   src/widgets/lv_bar.c
      Source file:   src/misc/lv_txt.c

   * Component: LVGL::LVGL&LVGL:lvgl:Extra Themes@8.3.10
      Source file:   src/extra/widgets/calendar/lv_calendar_header_arrow.c
      Source file:   src/extra/widgets/led/lv_led.c
      Source file:   src/extra/widgets/list/lv_list.c
      Source file:   src/extra/widgets/menu/lv_menu.c
      Source file:   src/extra/widgets/imgbtn/lv_imgbtn.c
      Source file:   src/extra/themes/mono/lv_theme_mono.c
      Source file:   src/extra/widgets/meter/lv_meter.c
      Source file:   src/extra/widgets/msgbox/lv_msgbox.c
      Source file:   src/extra/widgets/calendar/lv_calendar.c
      Source file:   src/extra/widgets/keyboard/lv_keyboard.c
      Source file:   src/extra/lv_extra.c
      Source file:   src/extra/widgets/animimg/lv_animimg.c
      Source file:   src/extra/widgets/calendar/lv_calendar_header_dropdown.c
      Source file:   src/extra/widgets/chart/lv_chart.c
      Source file:   src/extra/themes/default/lv_theme_default.c
      Source file:   src/extra/widgets/colorwheel/lv_colorwheel.c
      Source file:   src/extra/themes/basic/lv_theme_basic.c
      Source file:   src/extra/widgets/spinbox/lv_spinbox.c
      Source file:   src/extra/layouts/flex/lv_flex.c
      Source file:   src/extra/layouts/grid/lv_grid.c
      Source file:   src/extra/widgets/tabview/lv_tabview.c
      Source file:   src/extra/widgets/span/lv_span.c
      Source file:   src/extra/widgets/tileview/lv_tileview.c
      Source file:   src/extra/widgets/spinner/lv_spinner.c
      Source file:   src/extra/widgets/win/lv_win.c

   * Component: LVGL::LVGL&LVGL:lvgl:GPU STM32-DMA2D@8.3.10
      Source file:   src/draw/stm32_dma2d/lv_gpu_stm32_dma2d.c

   * Component: LVGL::LVGL&LVGL:lvgl:Libs FileSystem@8.3.10
      Source file:   src/extra/libs/fsdrv/lv_fs_posix.c
      Source file:   src/extra/libs/fsdrv/lv_fs_stdio.c
      Source file:   src/extra/libs/fsdrv/lv_fs_fatfs.c

   * Component: LVGL::LVGL&LVGL:lvgl:Libs PNG@8.3.10
      Source file:   src/extra/libs/png/lv_png.c
      Source file:   src/extra/libs/png/lodepng.c

   * Component: LVGL::LVGL&LVGL:lvgl:Libs sJPG@8.3.10
      Source file:   src/extra/libs/sjpg/tjpgd.c
      Source file:   src/extra/libs/sjpg/lv_sjpg.c

   * Component: LVGL::LVGL&LVGL:lvgl:Porting@8.3.10
      Include file:  examples/porting/lv_port_disp_template.h
      Include file:  examples/porting/lv_port_indev_template.h
      Source file:   examples/porting/lv_port_fs_template.c
      Source file:   examples/porting/lv_port_disp_template.c
      Source file:   examples/porting/lv_port_indev_template.c
      Include file:  examples/porting/lv_port_fs_template.h
Build Time Elapsed:  00:00:31
</pre>
</body>
</html>
